current directory: /Users/joshuarinard/Desktop/Foundation/vendor/bundle/ruby/3.2.0/gems/bootsnap-1.24.6/ext/bootsnap
/Users/joshuarinard/.rbenv/versions/3.2.11/bin/ruby extconf.rb
checking for fdatasync() in unistd.h... yes
checking for fstatat() in sys/stat.h... yes
checking for whether -D_GNU_SOURCE is accepted as CPPFLAGS... yes
checking for whether -O3 is accepted as CFLAGS... yes
checking for whether -std=c99 is accepted as CFLAGS... yes
creating Makefile

current directory: /Users/joshuarinard/Desktop/Foundation/vendor/bundle/ruby/3.2.0/gems/bootsnap-1.24.6/ext/bootsnap
make DESTDIR\= sitearchdir\=./.gem.20260710-95473-bqtcrr sitelibdir\=./.gem.20260710-95473-bqtcrr clean

current directory: /Users/joshuarinard/Desktop/Foundation/vendor/bundle/ruby/3.2.0/gems/bootsnap-1.24.6/ext/bootsnap
make DESTDIR\= sitearchdir\=./.gem.20260710-95473-bqtcrr sitelibdir\=./.gem.20260710-95473-bqtcrr
compiling bootsnap.c
linking shared-object bootsnap/bootsnap.bundle
ld: warning: ignoring duplicate libraries: '-lruby.3.2'

current directory: /Users/joshuarinard/Desktop/Foundation/vendor/bundle/ruby/3.2.0/gems/bootsnap-1.24.6/ext/bootsnap
make DESTDIR\= sitearchdir\=./.gem.20260710-95473-bqtcrr sitelibdir\=./.gem.20260710-95473-bqtcrr install
/usr/bin/install -c -m 0755 bootsnap.bundle ./.gem.20260710-95473-bqtcrr/bootsnap

current directory: /Users/joshuarinard/Desktop/Foundation/vendor/bundle/ruby/3.2.0/gems/bootsnap-1.24.6/ext/bootsnap
make DESTDIR\= sitearchdir\=./.gem.20260710-95473-bqtcrr sitelibdir\=./.gem.20260710-95473-bqtcrr clean
