current directory: /Users/joshuarinard/Desktop/Foundation/vendor/bundle/ruby/3.2.0/gems/zlib-3.1.1/ext/zlib
/Users/joshuarinard/.rbenv/versions/3.2.11/bin/ruby extconf.rb
checking for deflateReset(NULL) in -lz... yes
checking for crc32_combine() in zlib.h... yes
checking for adler32_combine() in zlib.h... yes
checking for z_crc_t in zlib.h... yes
checking for z_size_t in zlib.h... yes
checking for crc32_z() in zlib.h... yes
checking for adler32_z() in zlib.h... yes
creating Makefile

current directory: /Users/joshuarinard/Desktop/Foundation/vendor/bundle/ruby/3.2.0/gems/zlib-3.1.1/ext/zlib
make DESTDIR\= sitearchdir\=./.gem.20260710-95473-blya1y sitelibdir\=./.gem.20260710-95473-blya1y clean

current directory: /Users/joshuarinard/Desktop/Foundation/vendor/bundle/ruby/3.2.0/gems/zlib-3.1.1/ext/zlib
make DESTDIR\= sitearchdir\=./.gem.20260710-95473-blya1y sitelibdir\=./.gem.20260710-95473-blya1y
compiling zlib.c
linking shared-object zlib.bundle
ld: warning: ignoring duplicate libraries: '-lruby.3.2'

current directory: /Users/joshuarinard/Desktop/Foundation/vendor/bundle/ruby/3.2.0/gems/zlib-3.1.1/ext/zlib
make DESTDIR\= sitearchdir\=./.gem.20260710-95473-blya1y sitelibdir\=./.gem.20260710-95473-blya1y install
/usr/bin/install -c -m 0755 zlib.bundle ./.gem.20260710-95473-blya1y

current directory: /Users/joshuarinard/Desktop/Foundation/vendor/bundle/ruby/3.2.0/gems/zlib-3.1.1/ext/zlib
make DESTDIR\= sitearchdir\=./.gem.20260710-95473-blya1y sitelibdir\=./.gem.20260710-95473-blya1y clean
