have_library: checking for deflateReset(NULL) in -lz... -------------------- yes

DYLD_LIBRARY_PATH=.:/Users/joshuarinard/.rbenv/versions/3.2.11/lib "clang -o conftest -I/Users/joshuarinard/.rbenv/versions/3.2.11/include/ruby-3.2.0/arm64-darwin24 -I/Users/joshuarinard/.rbenv/versions/3.2.11/include/ruby-3.2.0/ruby/backward -I/Users/joshuarinard/.rbenv/versions/3.2.11/include/ruby-3.2.0 -I. -D_XOPEN_SOURCE -D_DARWIN_C_SOURCE -D_DARWIN_UNLIMITED_SELECT -D_REENTRANT   -fdeclspec -O3 -fno-fast-math -ggdb3 -Wall -Wextra -Wextra-tokens -Wdeprecated-declarations -Wdivision-by-zero -Wdiv-by-zero -Wimplicit-function-declaration -Wimplicit-int -Wmisleading-indentation -Wpointer-arith -Wshorten-64-to-32 -Wwrite-strings -Wold-style-definition -Wmissing-noreturn -Wno-cast-function-type -Wno-constant-logical-operand -Wno-long-long -Wno-missing-field-initializers -Wno-overlength-strings -Wno-parentheses-equality -Wno-self-assign -Wno-tautological-compare -Wno-unused-parameter -Wno-unused-value -Wunused-variable -Wundef  -fno-common -pipe conftest.c  -L. -L/Users/joshuarinard/.rbenv/versions/3.2.11/lib -L. -fstack-protector-strong     -lruby.3.2  -lpthread  "
checked program was:
/* begin */
1: #include "ruby.h"
2: 
3: int main(int argc, char **argv)
4: {
5:   return !!argv[argc];
6: }
/* end */

DYLD_LIBRARY_PATH=.:/Users/joshuarinard/.rbenv/versions/3.2.11/lib "clang -o conftest -I/Users/joshuarinard/.rbenv/versions/3.2.11/include/ruby-3.2.0/arm64-darwin24 -I/Users/joshuarinard/.rbenv/versions/3.2.11/include/ruby-3.2.0/ruby/backward -I/Users/joshuarinard/.rbenv/versions/3.2.11/include/ruby-3.2.0 -I. -D_XOPEN_SOURCE -D_DARWIN_C_SOURCE -D_DARWIN_UNLIMITED_SELECT -D_REENTRANT   -fdeclspec -O3 -fno-fast-math -ggdb3 -Wall -Wextra -Wextra-tokens -Wdeprecated-declarations -Wdivision-by-zero -Wdiv-by-zero -Wimplicit-function-declaration -Wimplicit-int -Wmisleading-indentation -Wpointer-arith -Wshorten-64-to-32 -Wwrite-strings -Wold-style-definition -Wmissing-noreturn -Wno-cast-function-type -Wno-constant-logical-operand -Wno-long-long -Wno-missing-field-initializers -Wno-overlength-strings -Wno-parentheses-equality -Wno-self-assign -Wno-tautological-compare -Wno-unused-parameter -Wno-unused-value -Wunused-variable -Wundef  -fno-common -pipe conftest.c  -L. -L/Users/joshuarinard/.rbenv/versions/3.2.11/lib -L. -fstack-protector-strong     -lruby.3.2 -lz  -lpthread  "
checked program was:
/* begin */
 1: #include "ruby.h"
 2: 
 3: #include <zlib.h>
 4: 
 5: /*top*/
 6: extern int t(void);
 7: int main(int argc, char **argv)
 8: {
 9:   if (argc > 1000000) {
10:     int (* volatile tp)(void)=(int (*)(void))&t;
11:     printf("%d", (*tp)());
12:   }
13: 
14:   return !!argv[argc];
15: }
16: 
17: int t(void) { deflateReset(NULL); return 0; }
/* end */

--------------------

checking for kind of operating system... Unix
have_func: checking for crc32_combine() in zlib.h... -------------------- yes

DYLD_LIBRARY_PATH=.:/Users/joshuarinard/.rbenv/versions/3.2.11/lib "clang -o conftest -I/Users/joshuarinard/.rbenv/versions/3.2.11/include/ruby-3.2.0/arm64-darwin24 -I/Users/joshuarinard/.rbenv/versions/3.2.11/include/ruby-3.2.0/ruby/backward -I/Users/joshuarinard/.rbenv/versions/3.2.11/include/ruby-3.2.0 -I. -D_XOPEN_SOURCE -D_DARWIN_C_SOURCE -D_DARWIN_UNLIMITED_SELECT -D_REENTRANT   -fdeclspec -O3 -fno-fast-math -ggdb3 -Wall -Wextra -Wextra-tokens -Wdeprecated-declarations -Wdivision-by-zero -Wdiv-by-zero -Wimplicit-function-declaration -Wimplicit-int -Wmisleading-indentation -Wpointer-arith -Wshorten-64-to-32 -Wwrite-strings -Wold-style-definition -Wmissing-noreturn -Wno-cast-function-type -Wno-constant-logical-operand -Wno-long-long -Wno-missing-field-initializers -Wno-overlength-strings -Wno-parentheses-equality -Wno-self-assign -Wno-tautological-compare -Wno-unused-parameter -Wno-unused-value -Wunused-variable -Wundef  -fno-common -pipe conftest.c  -L. -L/Users/joshuarinard/.rbenv/versions/3.2.11/lib -L. -fstack-protector-strong    -lz  -lruby.3.2 -lz  -lpthread  "
ld: warning: ignoring duplicate libraries: '-lz'
checked program was:
/* begin */
 1: #include "ruby.h"
 2: 
 3: #include <zlib.h>
 4: 
 5: /*top*/
 6: extern int t(void);
 7: int main(int argc, char **argv)
 8: {
 9:   if (argc > 1000000) {
10:     int (* volatile tp)(void)=(int (*)(void))&t;
11:     printf("%d", (*tp)());
12:   }
13: 
14:   return !!argv[argc];
15: }
16: int t(void) { void ((*volatile p)()); p = (void ((*)()))crc32_combine; return !p; }
/* end */

--------------------

have_func: checking for adler32_combine() in zlib.h... -------------------- yes

DYLD_LIBRARY_PATH=.:/Users/joshuarinard/.rbenv/versions/3.2.11/lib "clang -o conftest -I/Users/joshuarinard/.rbenv/versions/3.2.11/include/ruby-3.2.0/arm64-darwin24 -I/Users/joshuarinard/.rbenv/versions/3.2.11/include/ruby-3.2.0/ruby/backward -I/Users/joshuarinard/.rbenv/versions/3.2.11/include/ruby-3.2.0 -I. -D_XOPEN_SOURCE -D_DARWIN_C_SOURCE -D_DARWIN_UNLIMITED_SELECT -D_REENTRANT   -fdeclspec -O3 -fno-fast-math -ggdb3 -Wall -Wextra -Wextra-tokens -Wdeprecated-declarations -Wdivision-by-zero -Wdiv-by-zero -Wimplicit-function-declaration -Wimplicit-int -Wmisleading-indentation -Wpointer-arith -Wshorten-64-to-32 -Wwrite-strings -Wold-style-definition -Wmissing-noreturn -Wno-cast-function-type -Wno-constant-logical-operand -Wno-long-long -Wno-missing-field-initializers -Wno-overlength-strings -Wno-parentheses-equality -Wno-self-assign -Wno-tautological-compare -Wno-unused-parameter -Wno-unused-value -Wunused-variable -Wundef  -fno-common -pipe conftest.c  -L. -L/Users/joshuarinard/.rbenv/versions/3.2.11/lib -L. -fstack-protector-strong    -lz  -lruby.3.2 -lz  -lpthread  "
ld: warning: ignoring duplicate libraries: '-lz'
checked program was:
/* begin */
 1: #include "ruby.h"
 2: 
 3: #include <zlib.h>
 4: 
 5: /*top*/
 6: extern int t(void);
 7: int main(int argc, char **argv)
 8: {
 9:   if (argc > 1000000) {
10:     int (* volatile tp)(void)=(int (*)(void))&t;
11:     printf("%d", (*tp)());
12:   }
13: 
14:   return !!argv[argc];
15: }
16: int t(void) { void ((*volatile p)()); p = (void ((*)()))adler32_combine; return !p; }
/* end */

--------------------

have_type: checking for z_crc_t in zlib.h... -------------------- yes

DYLD_LIBRARY_PATH=.:/Users/joshuarinard/.rbenv/versions/3.2.11/lib "clang -I/Users/joshuarinard/.rbenv/versions/3.2.11/include/ruby-3.2.0/arm64-darwin24 -I/Users/joshuarinard/.rbenv/versions/3.2.11/include/ruby-3.2.0/ruby/backward -I/Users/joshuarinard/.rbenv/versions/3.2.11/include/ruby-3.2.0 -I. -D_XOPEN_SOURCE -D_DARWIN_C_SOURCE -D_DARWIN_UNLIMITED_SELECT -D_REENTRANT   -fdeclspec -O3 -fno-fast-math -ggdb3 -Wall -Wextra -Wextra-tokens -Wdeprecated-declarations -Wdivision-by-zero -Wdiv-by-zero -Wimplicit-function-declaration -Wimplicit-int -Wmisleading-indentation -Wpointer-arith -Wshorten-64-to-32 -Wwrite-strings -Wold-style-definition -Wmissing-noreturn -Wno-cast-function-type -Wno-constant-logical-operand -Wno-long-long -Wno-missing-field-initializers -Wno-overlength-strings -Wno-parentheses-equality -Wno-self-assign -Wno-tautological-compare -Wno-unused-parameter -Wno-unused-value -Wunused-variable -Wundef  -fno-common -pipe   -c conftest.c"
checked program was:
/* begin */
1: #include "ruby.h"
2: 
3: #include <zlib.h>
4: 
5: /*top*/
6: typedef z_crc_t conftest_type;
7: int conftestval[sizeof(conftest_type)?1:-1];
/* end */

--------------------

have_type: checking for z_size_t in zlib.h... -------------------- yes

DYLD_LIBRARY_PATH=.:/Users/joshuarinard/.rbenv/versions/3.2.11/lib "clang -I/Users/joshuarinard/.rbenv/versions/3.2.11/include/ruby-3.2.0/arm64-darwin24 -I/Users/joshuarinard/.rbenv/versions/3.2.11/include/ruby-3.2.0/ruby/backward -I/Users/joshuarinard/.rbenv/versions/3.2.11/include/ruby-3.2.0 -I. -D_XOPEN_SOURCE -D_DARWIN_C_SOURCE -D_DARWIN_UNLIMITED_SELECT -D_REENTRANT   -fdeclspec -O3 -fno-fast-math -ggdb3 -Wall -Wextra -Wextra-tokens -Wdeprecated-declarations -Wdivision-by-zero -Wdiv-by-zero -Wimplicit-function-declaration -Wimplicit-int -Wmisleading-indentation -Wpointer-arith -Wshorten-64-to-32 -Wwrite-strings -Wold-style-definition -Wmissing-noreturn -Wno-cast-function-type -Wno-constant-logical-operand -Wno-long-long -Wno-missing-field-initializers -Wno-overlength-strings -Wno-parentheses-equality -Wno-self-assign -Wno-tautological-compare -Wno-unused-parameter -Wno-unused-value -Wunused-variable -Wundef  -fno-common -pipe   -c conftest.c"
checked program was:
/* begin */
1: #include "ruby.h"
2: 
3: #include <zlib.h>
4: 
5: /*top*/
6: typedef z_size_t conftest_type;
7: int conftestval[sizeof(conftest_type)?1:-1];
/* end */

--------------------

have_func: checking for crc32_z() in zlib.h... -------------------- yes

DYLD_LIBRARY_PATH=.:/Users/joshuarinard/.rbenv/versions/3.2.11/lib "clang -o conftest -I/Users/joshuarinard/.rbenv/versions/3.2.11/include/ruby-3.2.0/arm64-darwin24 -I/Users/joshuarinard/.rbenv/versions/3.2.11/include/ruby-3.2.0/ruby/backward -I/Users/joshuarinard/.rbenv/versions/3.2.11/include/ruby-3.2.0 -I. -D_XOPEN_SOURCE -D_DARWIN_C_SOURCE -D_DARWIN_UNLIMITED_SELECT -D_REENTRANT   -fdeclspec -O3 -fno-fast-math -ggdb3 -Wall -Wextra -Wextra-tokens -Wdeprecated-declarations -Wdivision-by-zero -Wdiv-by-zero -Wimplicit-function-declaration -Wimplicit-int -Wmisleading-indentation -Wpointer-arith -Wshorten-64-to-32 -Wwrite-strings -Wold-style-definition -Wmissing-noreturn -Wno-cast-function-type -Wno-constant-logical-operand -Wno-long-long -Wno-missing-field-initializers -Wno-overlength-strings -Wno-parentheses-equality -Wno-self-assign -Wno-tautological-compare -Wno-unused-parameter -Wno-unused-value -Wunused-variable -Wundef  -fno-common -pipe conftest.c  -L. -L/Users/joshuarinard/.rbenv/versions/3.2.11/lib -L. -fstack-protector-strong    -lz  -lruby.3.2 -lz  -lpthread  "
ld: warning: ignoring duplicate libraries: '-lz'
checked program was:
/* begin */
 1: #include "ruby.h"
 2: 
 3: #include <zlib.h>
 4: 
 5: /*top*/
 6: extern int t(void);
 7: int main(int argc, char **argv)
 8: {
 9:   if (argc > 1000000) {
10:     int (* volatile tp)(void)=(int (*)(void))&t;
11:     printf("%d", (*tp)());
12:   }
13: 
14:   return !!argv[argc];
15: }
16: int t(void) { void ((*volatile p)()); p = (void ((*)()))crc32_z; return !p; }
/* end */

--------------------

have_func: checking for adler32_z() in zlib.h... -------------------- yes

DYLD_LIBRARY_PATH=.:/Users/joshuarinard/.rbenv/versions/3.2.11/lib "clang -o conftest -I/Users/joshuarinard/.rbenv/versions/3.2.11/include/ruby-3.2.0/arm64-darwin24 -I/Users/joshuarinard/.rbenv/versions/3.2.11/include/ruby-3.2.0/ruby/backward -I/Users/joshuarinard/.rbenv/versions/3.2.11/include/ruby-3.2.0 -I. -D_XOPEN_SOURCE -D_DARWIN_C_SOURCE -D_DARWIN_UNLIMITED_SELECT -D_REENTRANT   -fdeclspec -O3 -fno-fast-math -ggdb3 -Wall -Wextra -Wextra-tokens -Wdeprecated-declarations -Wdivision-by-zero -Wdiv-by-zero -Wimplicit-function-declaration -Wimplicit-int -Wmisleading-indentation -Wpointer-arith -Wshorten-64-to-32 -Wwrite-strings -Wold-style-definition -Wmissing-noreturn -Wno-cast-function-type -Wno-constant-logical-operand -Wno-long-long -Wno-missing-field-initializers -Wno-overlength-strings -Wno-parentheses-equality -Wno-self-assign -Wno-tautological-compare -Wno-unused-parameter -Wno-unused-value -Wunused-variable -Wundef  -fno-common -pipe conftest.c  -L. -L/Users/joshuarinard/.rbenv/versions/3.2.11/lib -L. -fstack-protector-strong    -lz  -lruby.3.2 -lz  -lpthread  "
ld: warning: ignoring duplicate libraries: '-lz'
checked program was:
/* begin */
 1: #include "ruby.h"
 2: 
 3: #include <zlib.h>
 4: 
 5: /*top*/
 6: extern int t(void);
 7: int main(int argc, char **argv)
 8: {
 9:   if (argc > 1000000) {
10:     int (* volatile tp)(void)=(int (*)(void))&t;
11:     printf("%d", (*tp)());
12:   }
13: 
14:   return !!argv[argc];
15: }
16: int t(void) { void ((*volatile p)()); p = (void ((*)()))adler32_z; return !p; }
/* end */

--------------------

